============================= test session starts =============================
platform win32 -- Python 3.12.2, pytest-9.1.1, pluggy-1.6.0 -- C:\Users\deepe\OneDrive\Desktop\spotify\mvp\venv\Scripts\python.exe
cachedir: .pytest_cache
rootdir: C:\Users\deepe\OneDrive\Desktop\spotify\mvp
plugins: anyio-4.14.1
collecting ... collected 9 items

phase1_core_logic/test_api.py::test_initial_state_no_pact PASSED         [ 11%]
phase1_core_logic/test_api.py::test_baseline_recommendations PASSED      [ 22%]
phase1_core_logic/test_api.py::test_create_pact PASSED                   [ 33%]
phase1_core_logic/test_api.py::test_blended_recommendations PASSED       [ 44%]
phase2_scout_conversation/test_api_phase2.py::test_chat_no_intent_yet PASSED [ 55%]
phase2_scout_conversation/test_api_phase2.py::test_chat_forms_pact PASSED [ 66%]
phase2_scout_conversation/test_api_phase2.py::test_simulate_drift_with_active_pact PASSED [ 77%]
phase3_taste_map_visuals/test_api_phase3.py::test_taste_map_nodes PASSED [ 88%]
phase3_taste_map_visuals/test_api_phase3.py::test_generate_recap PASSED  [100%]

============================== warnings summary ===============================
venv\Lib\site-packages\fastapi\testclient.py:1
  C:\Users\deepe\OneDrive\Desktop\spotify\mvp\venv\Lib\site-packages\fastapi\testclient.py:1: StarletteDeprecationWarning: Using `httpx` with `starlette.testclient` is deprecated; install `httpx2` instead.
    from starlette.testclient import TestClient as TestClient  # noqa

-- Docs: https://docs.pytest.org/en/stable/how-to/capture-warnings.html
======================== 9 passed, 1 warning in 2.74s =========================
============================= test session starts =============================
platform win32 -- Python 3.12.2, pytest-9.1.1, pluggy-1.6.0 -- C:\Users\deepe\OneDrive\Desktop\spotify\mvp\venv\Scripts\python.exe
cachedir: .pytest_cache
rootdir: C:\Users\deepe\OneDrive\Desktop\spotify\mvp
plugins: anyio-4.14.1
collecting ... collected 4 items

test_main.py::test_test_endpoint PASSED                                  [ 25%]
test_main.py::test_phase1_state_main PASSED                              [ 50%]
test_main.py::test_phase2_chat_main_mocked PASSED                        [ 75%]
test_main.py::test_phase3_taste_map_main PASSED                          [100%]

============================== warnings summary ===============================
venv\Lib\site-packages\fastapi\testclient.py:1
  C:\Users\deepe\OneDrive\Desktop\spotify\mvp\venv\Lib\site-packages\fastapi\testclient.py:1: StarletteDeprecationWarning: Using `httpx` with `starlette.testclient` is deprecated; install `httpx2` instead.
    from starlette.testclient import TestClient as TestClient  # noqa

-- Docs: https://docs.pytest.org/en/stable/how-to/capture-warnings.html
======================== 4 passed, 1 warning in 4.00s =========================
